
SHIVARAJ B KARAGERA@shivaraj-b-k MINGW64 ~/Desktop/newGit-Test (main)
$ ls
README.md  index.html  index2.html

SHIVARAJ B KARAGERA@shivaraj-b-k MINGW64 ~/Desktop/newGit-Test (main)
$ la
bash: la: command not found

SHIVARAJ B KARAGERA@shivaraj-b-k MINGW64 ~/Desktop/newGit-Test (main)
$ ls -a
./  ../  .git/  README.md  index.html  index2.html

SHIVARAJ B KARAGERA@shivaraj-b-k MINGW64 ~/Desktop/newGit-Test (main)
$ git status
On branch main
Your branch is up to date with 'origin/main'.

Changes not staged for commit:
  (use "git add <file>..." to update what will be committed)
  (use "git restore <file>..." to discard changes in working directory)
        modified:   README.md

no changes added to commit (use "git add" and/or "git commit -a")

SHIVARAJ B KARAGERA@shivaraj-b-k MINGW64 ~/Desktop/newGit-Test (main)
$ git status
On branch main
Your branch is up to date with 'origin/main'.

Changes not staged for commit:
  (use "git add <file>..." to update what will be committed)
  (use "git restore <file>..." to discard changes in working directory)
        modified:   README.md

Untracked files:
  (use "git add <file>..." to include in what will be committed)
        index3.html

no changes added to commit (use "git add" and/or "git commit -a")

SHIVARAJ B KARAGERA@shivaraj-b-k MINGW64 ~/Desktop/newGit-Test (main)
$ gid add .
bash: gid: command not found

SHIVARAJ B KARAGERA@shivaraj-b-k MINGW64 ~/Desktop/newGit-Test (main)
$ gid add -a
bash: gid: command not found

SHIVARAJ B KARAGERA@shivaraj-b-k MINGW64 ~/Desktop/newGit-Test (main)
$ gid add -A
bash: gid: command not found

SHIVARAJ B KARAGERA@shivaraj-b-k MINGW64 ~/Desktop/newGit-Test (main)
$ gid add .A
bash: gid: command not found

SHIVARAJ B KARAGERA@shivaraj-b-k MINGW64 ~/Desktop/newGit-Test (main)
$ gid add all
bash: gid: command not found

SHIVARAJ B KARAGERA@shivaraj-b-k MINGW64 ~/Desktop/newGit-Test (main)
$ gid add *
bash: gid: command not found

SHIVARAJ B KARAGERA@shivaraj-b-k MINGW64 ~/Desktop/newGit-Test (main)
$ gid add .*
bash: gid: command not found

SHIVARAJ B KARAGERA@shivaraj-b-k MINGW64 ~/Desktop/newGit-Test (main)
$ gid add add index3.html
bash: gid: command not found

SHIVARAJ B KARAGERA@shivaraj-b-k MINGW64 ~/Desktop/newGit-Test (main)
$ gid add index3.html
bash: gid: command not found

SHIVARAJ B KARAGERA@shivaraj-b-k MINGW64 ~/Desktop/newGit-Test (main)
$ gid add --all
bash: gid: command not found

SHIVARAJ B KARAGERA@shivaraj-b-k MINGW64 ~/Desktop/newGit-Test (main)
$ git add .
warning: CRLF will be replaced by LF in README.md.
The file will have its original line endings in your working directory

SHIVARAJ B KARAGERA@shivaraj-b-k MINGW64 ~/Desktop/newGit-Test (main)
$ git status
On branch main
Your branch is up to date with 'origin/main'.

Changes to be committed:
  (use "git restore --staged <file>..." to unstage)
        modified:   README.md
        new file:   index3.html


SHIVARAJ B KARAGERA@shivaraj-b-k MINGW64 ~/Desktop/newGit-Test (main)
$ git commit -m "Added index index.html" -m "some Descrpition"
[main 41544c2] Added index index.html
 2 files changed, 7 insertions(+), 1 deletion(-)
 create mode 100644 index3.html

SHIVARAJ B KARAGERA@shivaraj-b-k MINGW64 ~/Desktop/newGit-Test (main)
$ ssh-keygen -t -b 4096 -C "shivarajkaragera@gmail.com"
Too many arguments.
usage: ssh-keygen [-q] [-a rounds] [-b bits] [-C comment] [-f output_keyfile]
                  [-m format] [-N new_passphrase] [-O option]
                  [-t dsa | ecdsa | ecdsa-sk | ed25519 | ed25519-sk | rsa]
                  [-w provider] [-Z cipher]
       ssh-keygen -p [-a rounds] [-f keyfile] [-m format] [-N new_passphrase]
                   [-P old_passphrase] [-Z cipher]
       ssh-keygen -i [-f input_keyfile] [-m key_format]
       ssh-keygen -e [-f input_keyfile] [-m key_format]
       ssh-keygen -y [-f input_keyfile]
       ssh-keygen -c [-a rounds] [-C comment] [-f keyfile] [-P passphrase]
       ssh-keygen -l [-v] [-E fingerprint_hash] [-f input_keyfile]
       ssh-keygen -B [-f input_keyfile]
       ssh-keygen -D pkcs11
       ssh-keygen -F hostname [-lv] [-f known_hosts_file]
       ssh-keygen -H [-f known_hosts_file]
       ssh-keygen -K [-a rounds] [-w provider]
       ssh-keygen -R hostname [-f known_hosts_file]
       ssh-keygen -r hostname [-g] [-f input_keyfile]
       ssh-keygen -M generate [-O option] output_file
       ssh-keygen -M screen [-f input_file] [-O option] output_file
       ssh-keygen -I certificate_identity -s ca_key [-hU] [-D pkcs11_provider]
                  [-n principals] [-O option] [-V validity_interval]
                  [-z serial_number] file ...
       ssh-keygen -L [-f input_keyfile]
       ssh-keygen -A [-a rounds] [-f prefix_path]
       ssh-keygen -k -f krl_file [-u] [-s ca_public] [-z version_number]
                  file ...
       ssh-keygen -Q [-l] -f krl_file [file ...]
       ssh-keygen -Y find-principals -s signature_file -f allowed_signers_file
       ssh-keygen -Y check-novalidate -n namespace -s signature_file
       ssh-keygen -Y sign -f key_file -n namespace file ...
       ssh-keygen -Y verify -f allowed_signers_file -I signer_identity
                  -n namespace -s signature_file [-r revocation_file]

SHIVARAJ B KARAGERA@shivaraj-b-k MINGW64 ~/Desktop/newGit-Test (main)
$ ^C

SHIVARAJ B KARAGERA@shivaraj-b-k MINGW64 ~/Desktop/newGit-Test (main)
$ ssh-keygen -t rsa -b 4096 -C "shivarajkaragera@gmail.com"
Generating public/private rsa key pair.
Enter file in which to save the key (/c/Users/SHIVARAJ B KARAGERA/.ssh/id_rsa): testkey
Enter passphrase (empty for no passphrase):
Enter same passphrase again:
Your identification has been saved in testkey
Your public key has been saved in testkey.pub
The key fingerprint is:
SHA256:81lvTctFtbJj3J2p6lvG9xNGcefUhBJTEZNn8OZYlmY shivarajkaragera@gmail.com
The key's randomart image is:
+---[RSA 4096]----+
|            oo*B+|
|            ..o+@|
|             o EX|
|            . *O=|
|        S   .=o+=|
|         o oo.+=o|
|          o  =++o|
|            +....|
|          .+.   o|
+----[SHA256]-----+

SHIVARAJ B KARAGERA@shivaraj-b-k MINGW64 ~/Desktop/newGit-Test (main)
$ ls | grep testkey
testkey
testkey.pub

SHIVARAJ B KARAGERA@shivaraj-b-k MINGW64 ~/Desktop/newGit-Test (main)
$ ls
README.md  index.html  index2.html  index3.html  testkey  testkey.pub

SHIVARAJ B KARAGERA@shivaraj-b-k MINGW64 ~/Desktop/newGit-Test (main)
$ cat testkey.pub
ssh-rsa AAAAB3NzaC1yc2EAAAADAQABAAACAQCgX5D4RimVS0un4Rus9r4ccsR1Wr/huNUeNxLgx7txg/p4W7a/Q+uzcjXwS+J5WCP3DuVL1BjTAfyrEaY6Hq0TaJ05gAC8qzfuxfu2Jk/t6XWTV9qrkVlCvZK20/EyKnB3gNCVV6KSnMoxarcUBDQkEJ1EOrldJOSB0fRlQlg/qzKArF/jH3sgakwuivnph+Xx0weOeMHcCP+/jYmceF30mJ6qe/n0tVh6l4K8ZULxIgfvv/wnBzBi9ubVU1jfgoRBSxqNBS4ECaPTFjrQOB3YHWzFtOKLLhvpB5ntuLDyAJpuagY9xY55SXpK8foJQZaGgcj33X7wUROtWnN4jFhKxVpj6hlBtB9oxzqXtxjk+YqHgAI4xJM2QI9lStTzlL/GGusPWAciyfTRsIxzT/x0dr4AfWU2rWkaJlkd6mdY/xalu2rN5pMk4new0ab6RHhBZq4V1Tu7LGHb/aLVmD7fjEb6XmPxlQKnyOVABgLEM0LvmHaK7If665KZeyX5aTWA0OAc8XUzHzSxPgBHGTxk8vFEjdwUkUobQTDiNxf8ZtcoKXxObpr9tEoID2vQ== shim

SHIVARAJ B KARAGERA@shivaraj-b-k MINGW64 ~/Desktop/newGit-Test (main)
$ git push origin master
error: src refspec master does not match any
error: failed to push some refs to 'https://github.com/shivaraj-b-karagera/newGit-Test.git'

SHIVARAJ B KARAGERA@shivaraj-b-k MINGW64 ~/Desktop/newGit-Test (main)
$ git push origin master
error: src refspec master does not match any
error: failed to push some refs to 'https://github.com/shivaraj-b-karagera/newGit-Test.git'

SHIVARAJ B KARAGERA@shivaraj-b-k MINGW64 ~/Desktop/newGit-Test (main)
$ git push
Enumerating objects: 6, done.
Counting objects: 100% (6/6), done.
Delta compression using up to 8 threads
Compressing objects: 100% (3/3), done.
Writing objects: 100% (4/4), 444 bytes | 444.00 KiB/s, done.
Total 4 (delta 0), reused 0 (delta 0), pack-reused 0
To https://github.com/shivaraj-b-karagera/newGit-Test.git
   7349ec9..41544c2  main -> main

SHIVARAJ B KARAGERA@shivaraj-b-k MINGW64 ~/Desktop/newGit-Test (main)
$ cd ../ demo-repo-git
bash: cd: too many arguments

SHIVARAJ B KARAGERA@shivaraj-b-k MINGW64 ~/Desktop/newGit-Test (main)
$ ..
bash: ..: command not found

SHIVARAJ B KARAGERA@shivaraj-b-k MINGW64 ~/Desktop/newGit-Test (main)
$ cd ..

SHIVARAJ B KARAGERA@shivaraj-b-k MINGW64 ~/Desktop (master)
$ cd demo-repo-git

SHIVARAJ B KARAGERA@shivaraj-b-k MINGW64 ~/Desktop/demo-repo-git (master)
$ ls

SHIVARAJ B KARAGERA@shivaraj-b-k MINGW64 ~/Desktop/demo-repo-git (master)
$ git init
Initialized empty Git repository in C:/Users/SHIVARAJ B KARAGERA/Desktop/demo-repo-git/.git/

SHIVARAJ B KARAGERA@shivaraj-b-k MINGW64 ~/Desktop/demo-repo-git (master)
$ git status
On branch master

No commits yet

Untracked files:
  (use "git add <file>..." to include in what will be committed)
        README.md

nothing added to commit but untracked files present (use "git add" to track)

SHIVARAJ B KARAGERA@shivaraj-b-k MINGW64 ~/Desktop/demo-repo-git (master)
$ git add README.md
warning: CRLF will be replaced by LF in README.md.
The file will have its original line endings in your working directory

SHIVARAJ B KARAGERA@shivaraj-b-k MINGW64 ~/Desktop/demo-repo-git (master)
$ git status
On branch master

No commits yet

Changes to be committed:
  (use "git rm --cached <file>..." to unstage)
        new file:   README.md


SHIVARAJ B KARAGERA@shivaraj-b-k MINGW64 ~/Desktop/demo-repo-git (master)
$ git commit -m "Created README" -m "Description"

[master (root-commit) f2e3f14] Created README
 1 file changed, 4 insertions(+)
 create mode 100644 README.md

SHIVARAJ B KARAGERA@shivaraj-b-k MINGW64 ~/Desktop/demo-repo-git (master)
$

SHIVARAJ B KARAGERA@shivaraj-b-k MINGW64 ~/Desktop/demo-repo-git (master)
$ git push origin master
fatal: 'origin' does not appear to be a git repository
fatal: Could not read from remote repository.

Please make sure you have the correct access rights
and the repository exists.

SHIVARAJ B KARAGERA@shivaraj-b-k MINGW64 ~/Desktop/demo-repo-git (master)
$ git remote -v

SHIVARAJ B KARAGERA@shivaraj-b-k MINGW64 ~/Desktop/demo-repo-git (master)
$ git remote version
error: Unknown subcommand: version
usage: git remote [-v | --verbose]
   or: git remote add [-t <branch>] [-m <master>] [-f] [--tags | --no-tags] [--mirror=<fetch|push>] <name> <url>
   or: git remote rename <old> <new>
   or: git remote remove <name>
   or: git remote set-head <name> (-a | --auto | -d | --delete | <branch>)
   or: git remote [-v | --verbose] show [-n] <name>
   or: git remote prune [-n | --dry-run] <name>
   or: git remote [-v | --verbose] update [-p | --prune] [(<group> | <remote>)...]
   or: git remote set-branches [--add] <name> <branch>...
   or: git remote get-url [--push] [--all] <name>
   or: git remote set-url [--push] <name> <newurl> [<oldurl>]
   or: git remote set-url --add <name> <newurl>
   or: git remote set-url --delete <name> <url>

    -v, --verbose         be verbose; must be placed before a subcommand


SHIVARAJ B KARAGERA@shivaraj-b-k MINGW64 ~/Desktop/demo-repo-git (master)
$ git remote -v

SHIVARAJ B KARAGERA@shivaraj-b-k MINGW64 ~/Desktop/demo-repo-git (master)
$ git remote --verbose

SHIVARAJ B KARAGERA@shivaraj-b-k MINGW64 ~/Desktop/demo-repo-git (master)
$ git remote add origin https://github.com/shivaraj-b-karagera/demo-repo.git

SHIVARAJ B KARAGERA@shivaraj-b-k MINGW64 ~/Desktop/demo-repo-git (master)
$ git remote -v
origin  https://github.com/shivaraj-b-karagera/demo-repo.git (fetch)
origin  https://github.com/shivaraj-b-karagera/demo-repo.git (push)

SHIVARAJ B KARAGERA@shivaraj-b-k MINGW64 ~/Desktop/demo-repo-git (master)
$ git push origin master
Enumerating objects: 3, done.
Counting objects: 100% (3/3), done.
Writing objects: 100% (3/3), 254 bytes | 254.00 KiB/s, done.
Total 3 (delta 0), reused 0 (delta 0), pack-reused 0
To https://github.com/shivaraj-b-karagera/demo-repo.git
 * [new branch]      master -> master

SHIVARAJ B KARAGERA@shivaraj-b-k MINGW64 ~/Desktop/demo-repo-git (master)
$ git branch
* master

SHIVARAJ B KARAGERA@shivaraj-b-k MINGW64 ~/Desktop/demo-repo-git (master)
$ git checkout -b feature-readme-instructions
Switched to a new branch 'feature-readme-instructions'

SHIVARAJ B KARAGERA@shivaraj-b-k MINGW64 ~/Desktop/demo-repo-git (feature-readme-instructions)
$ git branch
* feature-readme-instructions
  master

SHIVARAJ B KARAGERA@shivaraj-b-k MINGW64 ~/Desktop/demo-repo-git (feature-readme-instructions)
$ git checkout

SHIVARAJ B KARAGERA@shivaraj-b-k MINGW64 ~/Desktop/demo-repo-git (feature-readme-instructions)
$ git branch
* feature-readme-instructions
  master

SHIVARAJ B KARAGERA@shivaraj-b-k MINGW64 ~/Desktop/demo-repo-git (feature-readme-instructions)
$ git checkout master
Switched to branch 'master'

SHIVARAJ B KARAGERA@shivaraj-b-k MINGW64 ~/Desktop/demo-repo-git (master)
$ git branch
  feature-readme-instructions
* master

SHIVARAJ B KARAGERA@shivaraj-b-k MINGW64 ~/Desktop/demo-repo-git (master)
$ git checkout feature-readme-instructions
Switched to branch 'feature-readme-instructions'

SHIVARAJ B KARAGERA@shivaraj-b-k MINGW64 ~/Desktop/demo-repo-git (feature-readme-instructions)
$ git status
On branch feature-readme-instructions
Changes not staged for commit:
  (use "git add <file>..." to update what will be committed)
  (use "git restore <file>..." to discard changes in working directory)
        modified:   README.md

no changes added to commit (use "git add" and/or "git commit -a")

SHIVARAJ B KARAGERA@shivaraj-b-k MINGW64 ~/Desktop/demo-repo-git (feature-readme-instructions)
$ git add README.md
warning: CRLF will be replaced by LF in README.md.
The file will have its original line endings in your working directory

SHIVARAJ B KARAGERA@shivaraj-b-k MINGW64 ~/Desktop/demo-repo-git (feature-readme-instructions)
$ git commit -m "updated read-me"
[feature-readme-instructions 9a3775d] updated read-me
 1 file changed, 7 insertions(+)

SHIVARAJ B KARAGERA@shivaraj-b-k MINGW64 ~/Desktop/demo-repo-git (feature-readme-instructions)
$ git checkout master
Switched to branch 'master'

SHIVARAJ B KARAGERA@shivaraj-b-k MINGW64 ~/Desktop/demo-repo-git (master)
$ git checkout

SHIVARAJ B KARAGERA@shivaraj-b-k MINGW64 ~/Desktop/demo-repo-git (master)
$ git checkout feature-readme-instructions
Switched to branch 'feature-readme-instructions'

SHIVARAJ B KARAGERA@shivaraj-b-k MINGW64 ~/Desktop/demo-repo-git (feature-readme-instructions)
$ git checkout master
Switched to branch 'master'

SHIVARAJ B KARAGERA@shivaraj-b-k MINGW64 ~/Desktop/demo-repo-git (master)
$ git checkout feature-readme-instructions
Switched to branch 'feature-readme-instructions'

SHIVARAJ B KARAGERA@shivaraj-b-k MINGW64 ~/Desktop/demo-repo-git (feature-readme-instructions)
$ git checkout master
Switched to branch 'master'

SHIVARAJ B KARAGERA@shivaraj-b-k MINGW64 ~/Desktop/demo-repo-git (master)
$ git diff feature-readme-instructions
diff --git a/README.md b/README.md
index 6299f1e..3e06268 100644
--- a/README.md
+++ b/README.md
@@ -2,10 +2,3 @@

 Some Text

-## SubHeader
-
-Watch tutorial on Youtube
-
-##Local Development
-
-1.Open index3.html in your browser

SHIVARAJ B KARAGERA@shivaraj-b-k MINGW64 ~/Desktop/demo-repo-git (master)
$ git checkout feature-readme-instructions
Switched to branch 'feature-readme-instructions'

SHIVARAJ B KARAGERA@shivaraj-b-k MINGW64 ~/Desktop/demo-repo-git (feature-readme-instructions)
$ git status
On branch feature-readme-instructions
nothing to commit, working tree clean

SHIVARAJ B KARAGERA@shivaraj-b-k MINGW64 ~/Desktop/demo-repo-git (feature-readme-instructions)
$ git push
fatal: The current branch feature-readme-instructions has no upstream branch.
To push the current branch and set the remote as upstream, use

    git push --set-upstream origin feature-readme-instructions


SHIVARAJ B KARAGERA@shivaraj-b-k MINGW64 ~/Desktop/demo-repo-git (feature-readme-instructions)
$ ^C

SHIVARAJ B KARAGERA@shivaraj-b-k MINGW64 ~/Desktop/demo-repo-git (feature-readme-instructions)
$  git push --set-upstream origin feature-readme-instructions
Enumerating objects: 5, done.
Counting objects: 100% (5/5), done.
Delta compression using up to 8 threads
Compressing objects: 100% (2/2), done.
Writing objects: 100% (3/3), 357 bytes | 357.00 KiB/s, done.
Total 3 (delta 0), reused 0 (delta 0), pack-reused 0
remote:
remote: Create a pull request for 'feature-readme-instructions' on GitHub by visiting:
remote:      https://github.com/shivaraj-b-karagera/demo-repo/pull/new/feature-readme-instructions
remote:
To https://github.com/shivaraj-b-karagera/demo-repo.git
 * [new branch]      feature-readme-instructions -> feature-readme-instructions
Branch 'feature-readme-instructions' set up to track remote branch 'feature-readme-instructions' from 'origin'.

SHIVARAJ B KARAGERA@shivaraj-b-k MINGW64 ~/Desktop/demo-repo-git (feature-readme-instructions)
$  git push -u origin feature-readme-instructions
Everything up-to-date
Branch 'feature-readme-instructions' set up to track remote branch 'feature-readme-instructions' from '

SHIVARAJ B KARAGERA@shivaraj-b-k MINGW64 ~/Desktop/demo-repo-git (feature-readme-instructions)
$ git checkout master
Switched to branch 'master'

SHIVARAJ B KARAGERA@shivaraj-b-k MINGW64 ~/Desktop/demo-repo-git (master)
$ git pull
remote: Enumerating objects: 1, done.
remote: Counting objects: 100% (1/1), done.
remote: Total 1 (delta 0), reused 0 (delta 0), pack-reused 0
Unpacking objects: 100% (1/1), 647 bytes | 107.00 KiB/s, done.
From https://github.com/shivaraj-b-karagera/demo-repo
   f2e3f14..772d9c4  master     -> origin/master
There is no tracking information for the current branch.
Please specify which branch you want to merge with.
See git-pull(1) for details.

    git pull <remote> <branch>

If you wish to set tracking information for this branch you can do so with:

    git branch --set-upstream-to=origin/<branch> master


SHIVARAJ B KARAGERA@shivaraj-b-k MINGW64 ~/Desktop/demo-repo-git (master)
$ git pull origin master
From https://github.com/shivaraj-b-karagera/demo-repo
 * branch            master     -> FETCH_HEAD
Updating f2e3f14..772d9c4
Fast-forward
 README.md | 7 +++++++
 1 file changed, 7 insertions(+)

SHIVARAJ B KARAGERA@shivaraj-b-k MINGW64 ~/Desktop/demo-repo-git (master)
$ git branch
  feature-readme-instructions
* master

SHIVARAJ B KARAGERA@shivaraj-b-k MINGW64 ~/Desktop/demo-repo-git (master)
$ git branch -d feature-readme-instructions
Deleted branch feature-readme-instructions (was 9a3775d).

SHIVARAJ B KARAGERA@shivaraj-b-k MINGW64 ~/Desktop/demo-repo-git (master)
$ git branch
* master

SHIVARAJ B KARAGERA@shivaraj-b-k MINGW64 ~/Desktop/demo-repo-git (master)
$ git checkout -b quick-test
Switched to a new branch 'quick-test'

SHIVARAJ B KARAGERA@shivaraj-b-k MINGW64 ~/Desktop/demo-repo-git (quick-test)
$ git status
On branch quick-test
Untracked files:
  (use "git add <file>..." to include in what will be committed)
        index.html

nothing added to commit but untracked files present (use "git add" to track)

SHIVARAJ B KARAGERA@shivaraj-b-k MINGW64 ~/Desktop/demo-repo-git (quick-test)
$ git diff

SHIVARAJ B KARAGERA@shivaraj-b-k MINGW64 ~/Desktop/demo-repo-git (quick-test)
$ git diff index.html

SHIVARAJ B KARAGERA@shivaraj-b-k MINGW64 ~/Desktop/demo-repo-git (quick-test)
$ git diff

SHIVARAJ B KARAGERA@shivaraj-b-k MINGW64 ~/Desktop/demo-repo-git (quick-test)
$ git add index.html
warning: CRLF will be replaced by LF in index.html.
The file will have its original line endings in your working directory

SHIVARAJ B KARAGERA@shivaraj-b-k MINGW64 ~/Desktop/demo-repo-git (quick-test)
$ git diff

SHIVARAJ B KARAGERA@shivaraj-b-k MINGW64 ~/Desktop/demo-repo-git (quick-test)
$ git status
On branch quick-test
Changes to be committed:
  (use "git restore --staged <file>..." to unstage)
        new file:   index.html


SHIVARAJ B KARAGERA@shivaraj-b-k MINGW64 ~/Desktop/demo-repo-git (quick-test)
$ git commit -am "added world"
[quick-test d417f46] added world
 1 file changed, 2 insertions(+)
 create mode 100644 index.html

SHIVARAJ B KARAGERA@shivaraj-b-k MINGW64 ~/Desktop/demo-repo-git (quick-test)
$ git checkcout master
git: 'checkcout' is not a git command. See 'git --help'.

The most similar command is
        checkout

SHIVARAJ B KARAGERA@shivaraj-b-k MINGW64 ~/Desktop/demo-repo-git (quick-test)
$ git checkout master
Switched to branch 'master'

SHIVARAJ B KARAGERA@shivaraj-b-k MINGW64 ~/Desktop/demo-repo-git (master)
$ git branch
* master
  quick-test

SHIVARAJ B KARAGERA@shivaraj-b-k MINGW64 ~/Desktop/demo-repo-git (master)
$ git checkout quick-out
error: pathspec 'quick-out' did not match any file(s) known to git

SHIVARAJ B KARAGERA@shivaraj-b-k MINGW64 ~/Desktop/demo-repo-git (master)
$ git checkout quick-test
error: The following untracked working tree files would be overwritten by checkout:
        index.html
Please move or remove them before you switch branches.
Aborting

SHIVARAJ B KARAGERA@shivaraj-b-k MINGW64 ~/Desktop/demo-repo-git (master)
$ git status
On branch master
Untracked files:
  (use "git add <file>..." to include in what will be committed)
        index.html

nothing added to commit but untracked files present (use "git add" to track)

SHIVARAJ B KARAGERA@shivaraj-b-k MINGW64 ~/Desktop/demo-repo-git (master)
$ git commit -am "there"
On branch master
Untracked files:
  (use "git add <file>..." to include in what will be committed)
        index.html

nothing added to commit but untracked files present (use "git add" to track)

SHIVARAJ B KARAGERA@shivaraj-b-k MINGW64 ~/Desktop/demo-repo-git (master)
$ git add index.html
warning: CRLF will be replaced by LF in index.html.
The file will have its original line endings in your working directory

SHIVARAJ B KARAGERA@shivaraj-b-k MINGW64 ~/Desktop/demo-repo-git (master)
$ git commit -am "there"
[master 5307648] there
 1 file changed, 2 insertions(+)
 create mode 100644 index.html

SHIVARAJ B KARAGERA@shivaraj-b-k MINGW64 ~/Desktop/demo-repo-git (master)
$ git checkout quick-test
Switched to branch 'quick-test'

SHIVARAJ B KARAGERA@shivaraj-b-k MINGW64 ~/Desktop/demo-repo-git (quick-test)
$ git diff

SHIVARAJ B KARAGERA@shivaraj-b-k MINGW64 ~/Desktop/demo-repo-git (quick-test)
$ git merge master
Auto-merging index.html
CONFLICT (add/add): Merge conflict in index.html
Automatic merge failed; fix conflicts and then commit the result.

SHIVARAJ B KARAGERA@shivaraj-b-k MINGW64 ~/Desktop/demo-repo-git (quick-test|MERGING)
$ git status
On branch quick-test
You have unmerged paths.
  (fix conflicts and run "git commit")
  (use "git merge --abort" to abort the merge)

Unmerged paths:
  (use "git add <file>..." to mark resolution)
        both added:      index.html

no changes added to commit (use "git add" and/or "git commit -a")

SHIVARAJ B KARAGERA@shivaraj-b-k MINGW64 ~/Desktop/demo-repo-git (quick-test|MERGING)
$ git diff
diff --cc index.html
index f1360a6,d4cddce..0000000
--- a/index.html
+++ b/index.html
@@@ -1,2 -1,2 +1,3 @@@
  <div>Hello</div>
- <p>World</p>
++<p>World</p>
+ <p>there</p>

SHIVARAJ B KARAGERA@shivaraj-b-k MINGW64 ~/Desktop/demo-repo-git (quick-test|MERGING)
$ git commit -am "updated with master"
[quick-test b9770ee] updated with master

SHIVARAJ B KARAGERA@shivaraj-b-k MINGW64 ~/Desktop/demo-repo-git (quick-test)
$ gtt
bash: gtt: command not found

SHIVARAJ B KARAGERA@shivaraj-b-k MINGW64 ~/Desktop/demo-repo-git (quick-test)
$

SHIVARAJ B KARAGERA@shivaraj-b-k MINGW64 ~/Desktop/demo-repo-git (quick-test)
$ git status
On branch quick-test
Changes not staged for commit:
  (use "git add <file>..." to update what will be committed)
  (use "git restore <file>..." to discard changes in working directory)
        modified:   README.md

no changes added to commit (use "git add" and/or "git commit -a")

SHIVARAJ B KARAGERA@shivaraj-b-k MINGW64 ~/Desktop/demo-repo-git (quick-test)
$ git add README.md

SHIVARAJ B KARAGERA@shivaraj-b-k MINGW64 ~/Desktop/demo-repo-git (quick-test)
$ git status
On branch quick-test
Changes to be committed:
  (use "git restore --staged <file>..." to unstage)
        modified:   README.md


SHIVARAJ B KARAGERA@shivaraj-b-k MINGW64 ~/Desktop/demo-repo-git (quick-test)
$ git reset
Unstaged changes after reset:
M       README.md

SHIVARAJ B KARAGERA@shivaraj-b-k MINGW64 ~/Desktop/demo-repo-git (quick-test)
$ git status
On branch quick-test
Changes not staged for commit:
  (use "git add <file>..." to update what will be committed)
  (use "git restore <file>..." to discard changes in working directory)
        modified:   README.md

no changes added to commit (use "git add" and/or "git commit -a")

SHIVARAJ B KARAGERA@shivaraj-b-k MINGW64 ~/Desktop/demo-repo-git (quick-test)
$ git add README.md

SHIVARAJ B KARAGERA@shivaraj-b-k MINGW64 ~/Desktop/demo-repo-git (quick-test)
$ git commit -m "added install step"
[quick-test b5171d8] added install step
 1 file changed, 1 insertion(+)

SHIVARAJ B KARAGERA@shivaraj-b-k MINGW64 ~/Desktop/demo-repo-git (quick-test)
$ git status
On branch quick-test
nothing to commit, working tree clean

SHIVARAJ B KARAGERA@shivaraj-b-k MINGW64 ~/Desktop/demo-repo-git (quick-test)
$ git reset HEAD ~1

SHIVARAJ B KARAGERA@shivaraj-b-k MINGW64 ~/Desktop/demo-repo-git (quick-test)
$ git status
On branch quick-test
nothing to commit, working tree clean

SHIVARAJ B KARAGERA@shivaraj-b-k MINGW64 ~/Desktop/demo-repo-git (quick-test)
$ git status
On branch quick-test
nothing to commit, working tree clean

SHIVARAJ B KARAGERA@shivaraj-b-k MINGW64 ~/Desktop/demo-repo-git (quick-test)
$ git reset HEAD

SHIVARAJ B KARAGERA@shivaraj-b-k MINGW64 ~/Desktop/demo-repo-git (quick-test)
$ git status
On branch quick-test
nothing to commit, working tree clean

SHIVARAJ B KARAGERA@shivaraj-b-k MINGW64 ~/Desktop/demo-repo-git (quick-test)
$ git diff

SHIVARAJ B KARAGERA@shivaraj-b-k MINGW64 ~/Desktop/demo-repo-git (quick-test)
$ git reset HEAD~1
Unstaged changes after reset:
M       README.md

SHIVARAJ B KARAGERA@shivaraj-b-k MINGW64 ~/Desktop/demo-repo-git (quick-test)
$ git status
On branch quick-test
Changes not staged for commit:
  (use "git add <file>..." to update what will be committed)
  (use "git restore <file>..." to discard changes in working directory)
        modified:   README.md

no changes added to commit (use "git add" and/or "git commit -a")

SHIVARAJ B KARAGERA@shivaraj-b-k MINGW64 ~/Desktop/demo-repo-git (quick-test)
$ git diff
diff --git a/README.md b/README.md
index 6299f1e..ab9961e 100644
--- a/README.md
+++ b/README.md
@@ -9,3 +9,4 @@ Watch tutorial on Youtube
 ##Local Development

 1.Open index3.html in your browser
+2.Have fun
\ No newline at end of file

SHIVARAJ B KARAGERA@shivaraj-b-k MINGW64 ~/Desktop/demo-repo-git (quick-test)
$ git log
commit b9770eefd9cd9c7ce20d71d0887f6e8449b6e364 (HEAD -> quick-test)
Merge: d417f46 5307648
Author: Shivaraj Karagera <shivarajkaragera@gmail.com>
Date:   Mon Jan 17 00:49:08 2022 +0530

    updated with master

commit 5307648365547f1644aa97759337577af435c646 (master)
Author: Shivaraj Karagera <shivarajkaragera@gmail.com>
Date:   Mon Jan 17 00:44:38 2022 +0530

    there

commit d417f467fe253bee3badee6418aa925232c4a890
Author: Shivaraj Karagera <shivarajkaragera@gmail.com>
Date:   Mon Jan 17 00:40:16 2022 +0530

    added world

commit 772d9c4eaa3c50a65d79b1339655dc44ce0e7df0 (origin/master)
Merge: f2e3f14 9a3775d
Author: shivaraj-b-karagera <75792262+shivaraj-b-karagera@users.noreply.github.com>
Date:   Mon Jan 17 00:30:48 2022 +0530

    Merge pull request #1 from shivaraj-b-karagera/feature-readme-instructions

    updated read-me

commit 9a3775d76ac80cb95d9862457158ff0181d7a94b (origin/feature-readme-instructions)
Author: Shivaraj Karagera <shivarajkaragera@gmail.com>
Date:   Mon Jan 17 00:19:42 2022 +0530

    updated read-me

commit f2e3f14dc67233151341928d2d57ec1fbe50e0c7
Author: Shivaraj Karagera <shivarajkaragera@gmail.com>
Date:   Sun Jan 16 23:57:43 2022 +0530

    Created README

    Description

SHIVARAJ B KARAGERA@shivaraj-b-k MINGW64 ~/Desktop/demo-repo-git (quick-test)
$ git reset HEAD~1^C

SHIVARAJ B KARAGERA@shivaraj-b-k MINGW64 ~/Desktop/demo-repo-git (quick-test)
$ git reset d417f467fe253bee3badee6418aa925232c4a890
Unstaged changes after reset:
M       README.md
M       index.html

SHIVARAJ B KARAGERA@shivaraj-b-k MINGW64 ~/Desktop/demo-repo-git (quick-test)
$ git log
commit d417f467fe253bee3badee6418aa925232c4a890 (HEAD -> quick-test)
Author: Shivaraj Karagera <shivarajkaragera@gmail.com>
Date:   Mon Jan 17 00:40:16 2022 +0530

    added world

commit 772d9c4eaa3c50a65d79b1339655dc44ce0e7df0 (origin/master)
Merge: f2e3f14 9a3775d
Author: shivaraj-b-karagera <75792262+shivaraj-b-karagera@users.noreply.github.com>
Date:   Mon Jan 17 00:30:48 2022 +0530

    Merge pull request #1 from shivaraj-b-karagera/feature-readme-instructions

    updated read-me

commit 9a3775d76ac80cb95d9862457158ff0181d7a94b (origin/feature-readme-instructions)
Author: Shivaraj Karagera <shivarajkaragera@gmail.com>
Date:   Mon Jan 17 00:19:42 2022 +0530

    updated read-me

commit f2e3f14dc67233151341928d2d57ec1fbe50e0c7
Author: Shivaraj Karagera <shivarajkaragera@gmail.com>
Date:   Sun Jan 16 23:57:43 2022 +0530

    Created README

    Description

SHIVARAJ B KARAGERA@shivaraj-b-k MINGW64 ~/Desktop/demo-repo-git (quick-test)
$ ^C

SHIVARAJ B KARAGERA@shivaraj-b-k MINGW64 ~/Desktop/demo-repo-git (quick-test)
$ git reset --hard  9a3775d76ac80cb95d9862457158ff0181d7a94b
HEAD is now at 9a3775d updated read-me

SHIVARAJ B KARAGERA@shivaraj-b-k MINGW64 ~/Desktop/demo-repo-git (quick-test)
$
